{
    "Should pass": {
        "content": [
            {
                "0": [
                    "filename.ips6.tsv:md5,a8bda595d33252c0b82763c08fa260c5"
                ]
            }
        ],
        "meta": {
            "nf-test": "0.8.4",
            "nextflow": "24.04.2"
        },
        "timestamp": "2024-09-09T09:11:19.71282"
    }
}