{
    "Should run without failures": {
        "content": [
            {
                "0": [
                    "test.faa:md5,ca69be62364cac44c8083faace76014e"
                ],
                "1": [
                    [
                        "ncbifam",
                        "pfam"
                    ]
                ],
                "2": [
                    [
                        
                    ]
                ],
                "3": [
                    [
                        
                    ]
                ],
                "4": [
                    [
                        "TSV",
                        "XML",
                        "JSON"
                    ]
                ],
                "5": [
                    "latest"
                ],
                "apps": [
                    [
                        "ncbifam",
                        "pfam"
                    ]
                ],
                "datadir": [
                    [
                        
                    ]
                ],
                "fasta": [
                    "test.faa:md5,ca69be62364cac44c8083faace76014e"
                ],
                "formats": [
                    [
                        "TSV",
                        "XML",
                        "JSON"
                    ]
                ],
                "outdir": [
                    [
                        
                    ]
                ],
                "version": [
                    "latest"
                ]
            }
        ],
        "meta": {
            "nf-test": "0.8.4",
            "nextflow": "24.10.4"
        },
        "timestamp": "2025-05-22T11:27:01.282968"
    }
}