{
  "interproscan-version": "6.0.0",
  "results": [
    {
      "matches": [],
      "md5": "268e4659f70d6eb10e6545eccaa347cf",
      "sequence": "MLIERMFPFISESVRVHQLPEGGVLEIDYMRDNVSISDFEYLDLNKTAYELCMLMDGQKTAEQILEYQCAAYNESPEDHKDWYYEMLDMLLNKQVIRLTDQPEYRRIATSGSSDFPMPLHATFELTHRCNLKCAHCYLESSPEALGTVSLEQFKKTADMLYEKGVLTCEITGGEIFVHPNANELLEYVLKKFKKVAVLTNGTLMRKESLEILRAYKQKIIVGISLDSVHSEVHDSFRGRKGSFAQTCKTIKLLSDHGIFVRVAMSVFEKNMWEIHDMAQKVRDLGAKAFSYNWVDDFGRGKDMIHPTKDAEQHRKFMEYEQNVIDEFKDLIPIIPYERKRAANCGAGWKSIVISPFGEVRPCALFPKEFSLGNIFHDSYESIFDSALVHKLWKAQAPRFSEHCKKDKCPFSGYCGGCYLKGLNSNKYHRKNICSWAKNEQLEDVVQLI",
      "xref": [
        {
          "id": "A0A0H3E4R3_BACA1",
          "name": "A0A0H3E4R3_BACA1 1-448"
        }
      ]
    },
    {
      "matches": [],
      "md5": "3156952d6b1f52bf18e848ccc4e7e455",
      "sequence": "MDNVNKLTAISLAVAAALPMMASADVMITEYVEGSSNNKAIELYNSGDTAIDLAGYKLVRYKDGATVASDMVALDGQSIAPKTTKVILNSSAVITLDQGVDSYSGSLSFNGGDAVALVKDDAVVDIIGDVPTPTGWGFDVTLKRKLDALVANTVFNAAQWEQLPKDTFSGLGSLETPAEPEVPLFSCSGAKIVPIYQVQGAGESSPYVPEGAFESEAEVTVRGIVTARGESLFKGFYLQEVKGDNSPYTSDGVFVFLGEAVPEAIQPGVEVCVQGKVKEYFGLTQIDIKADKKFEVGAKGEVPVAAPFYVADGETLAQALERYEGMNVALDAGSDLKISRTFSYDYAGRRNNMLVSYKEPLMKSTQLYPALSAEATALVKSNLENQLFIESDYKPADGVIPYFPDFNVETGYIRVGDQLTNLQGVIGYSYGAYRLVATNTITAGDFIRGDDRTDAPSVATKGDLRVASFNVLNFFNDVDGGDTNPSGSNRGALTLEEMVLQRTKIVSAITAMNADIVGLMEIANNGFGEKSAIKNLVDALNEKQTPENAYSFVEITDADKYDGKYFGTDAITVGMLYRGGKVTLAGAAQAIDTPEQHASAGSVTRTKDGKTETNPGNDAYQRHSLAQTFKIHDESLTVVVNHLKSKGSGCLEDWANFEESVDPADQQGKCNAFRVSAAKVLGETLKDVKGDLLIIGDMNAYGMEDPIRVLTDFDASKSDRDIMTASWTTLDGKVFERQGSKIEKGYGLINLNTKAHGAGTYSYSYNGELGNLDHALANASLAKRLVDIEDWHINSVESNLFEYGKKFSGDLAKSENAFSASDHDPVIVALSYPAPVVPPKPEPTPKDDGGALGYLGLALMSLFGLQRRRR",
      "xref": [
        {
          "id": "WP_338726824.1",
          "name": "WP_338726824.1 extracellular exonuclease ExeM [Shewanella baltica]"
        }
      ]
    },
    {
      "matches": [],
      "md5": "4229019f6f6d6fbcd8988593755fe395",
      "sequence": "MDNVKKLSVLALSIAAALPVSAKADLLISEYVEGNSNNKAIELYNSGDAALDLTGYKLVRYKDGATNALDMVALDGLTIDAKKLKVIVHPSAEIALGSDVDSSTGNLYFNGGDAVALVKDGAVVDIIGAVPTPSGWGMNTTMQRNTDALSASNVFVESQWKVLPVDTFSGLGNLDGSSAPTEPEAPAFTCTGAKITPIYSVQGAGKSSPLIADGEYASKEEVTIRGVVTARGDSLFKGFYLQEVQGDGSPYTSDGIFVYLGEAAGEEIQPGVEVCVQGLVKEYYGLTQLDIKADKKMEVGENLGAPAATPFYVADGENLGDALERFEGMNVVLDAGSDMKVSRTFSYDYAARRNNMMLSHKAPLMKPTQLYPAMTDEAIALEKKNRANQLFVESDFKAKNGEVPYFPTFNAETGYIRVGDQLTNLEGVISYSYNEYRLVATNEIVAGDFIREDDRVDAPEVATKGDIRVASFNVLNLFTSDSDVGGALNASCKDQADADASRGCGRGAHTLEDYLLQRTKIVSALTEMNADIIGLMEIENNGFGEDSSIQYLVNDLNANLPAADAYKFIEVADADKYKGEYVGGDAITVGMLYRPSKVEPTGDAFVIETPEQHAMEGVVTRGEGDKLELSPAFDKYQRHSLGQAFSVNGEKLTVVVNHLKSKGSGCIEDWANFEDSSDPADLQGKCNEFRVSAAKVIGDALQDVEGDLLVIGDMNAYGLEDPIRVLTDYDAANSDRDIMTASWTTLGGKVYEREGSKIEKGYGMVNLNTQVHGTATYSYSYNGELGNLDHALANTSLAARVVDIQDWHINSVESNLFEYSSKYTGELEKSENAFSASDHDPVIVALSYPAPKPEPKPEPKEKDDGGSLGYLGLMLLGLAGLRRRN",
      "xref": [
        {
          "id": "WP_249252303.1",
          "name": "WP_249252303.1 extracellular exonuclease ExeM [Shewanella aquimarina]"
        }
      ]
    },
    {
      "matches": [
        {
          "evalue": 2e-33,
          "locations": [
            {
              "end": 127,
              "envelopeEnd": 127,
              "envelopeStart": 78,
              "evalue": 2.5e-17,
              "hmmBounds": "COMPLETE",
              "hmmEnd": 50,
              "hmmLength": 50,
              "hmmStart": 2,
              "location-fragments": [
                {
                  "dc-status": "CONTINUOUS",
                  "end": 127,
                  "start": 78
                }
              ],
              "postProcessed": false,
              "representative": false,
              "score": 64.4,
              "start": 78
            },
            {
              "end": 73,
              "envelopeEnd": 73,
              "envelopeStart": 24,
              "evalue": 2.6e-15,
              "hmmBounds": "COMPLETE",
              "hmmEnd": 50,
              "hmmLength": 50,
              "hmmStart": 3,
              "location-fragments": [
                {
                  "dc-status": "CONTINUOUS",
                  "end": 73,
                  "start": 24
                }
              ],
              "postProcessed": false,
              "representative": false,
              "score": 57.9,
              "start": 24
            }
          ],
          "model-ac": "4.10.75.10-FF-000001",
          "score": 115.9,
          "signature": {
            "accession": "G3DSA:4.10.75.10:FF:000001",
            "description": "Anosmin 1",
            "entry": null,
            "name": null,
            "signatureLibraryRelease": {
              "library": "FUNFAM",
              "version": "4.3.0"
            }
          }
        }
      ],
      "md5": "493932c1f43289805b4c4e651ceb9249",
      "sequence": "GRGLLPFVLLALGIXAPWAVEGAENALKGGACPPRKIVQCLRYEKPKCTSDWQCPDKKKCCRDTCAIKCLNPVAITNPVKVKPGKCPVVYGQCMMLNPPNHCKTDSQCLGDLKCCKSMCGKVCLTPVKA",
      "xref": [
        {
          "id": "P22298",
          "name": "P22298"
        }
      ]
    },
    {
      "matches": [],
      "md5": "5a40425be664fc947906456e8fc0e722",
      "sequence": "MLARGGIQSNQSRLSAHLGGKVDLYAKREDCNSGLAFGGNKLRKLEYIVPDAIASGADTLVSIGGVQSNHTRMVAAVAAKIGMKCRLVQEAWVPHEDAVYDRVGNIMLSRIMGADVGKE",
      "xref": [
        {
          "id": "TESTESEMLOOKUP",
          "name": "TESTESEMLOOKUP"
        }
      ]
    },
    {
      "matches": [
        {
          "evalue": 1.7e-53,
          "locations": [
            {
              "end": 163,
              "envelopeEnd": 167,
              "envelopeStart": 69,
              "evalue": 3.2e-53,
              "hmmBounds": "N_TERMINAL_COMPLETE",
              "hmmEnd": 98,
              "hmmLength": 99,
              "hmmStart": 1,
              "location-fragments": [
                {
                  "dc-status": "CONTINUOUS",
                  "end": 163,
                  "start": 69
                }
              ],
              "postProcessed": false,
              "representative": false,
              "score": 179.9,
              "start": 69
            }
          ],
          "model-ac": "3.40.50.1100-FF-000048",
          "score": 180.8,
          "signature": {
            "accession": "G3DSA:3.40.50.1100:FF:000048",
            "description": "1-aminocyclopropane-1-carboxylate deaminase",
            "entry": null,
            "name": null,
            "signatureLibraryRelease": {
              "library": "FUNFAM",
              "version": "4.3.0"
            }
          }
        },
        {
          "evalue": 6.7e-107,
          "locations": [
            {
              "end": 332,
              "envelopeEnd": 332,
              "envelopeStart": 160,
              "evalue": 1.2e-90,
              "hmmBounds": "C_TERMINAL_COMPLETE",
              "hmmEnd": 198,
              "hmmLength": 198,
              "hmmStart": 32,
              "location-fragments": [
                {
                  "dc-status": "CONTINUOUS",
                  "end": 332,
                  "start": 164
                }
              ],
              "postProcessed": false,
              "representative": false,
              "score": 304.2,
              "start": 164
            }
          ],
          "model-ac": "3.40.50.1100-FF-000053",
          "score": 357.2,
          "signature": {
            "accession": "G3DSA:3.40.50.1100:FF:000053",
            "description": "1-aminocyclopropane-1-carboxylate deaminase",
            "entry": null,
            "name": null,
            "signatureLibraryRelease": {
              "library": "FUNFAM",
              "version": "4.3.0"
            }
          }
        }
      ],
      "md5": "7bcb28d452c1f7ad86b5e0da7fa21fd3",
      "sequence": "MNLQRFPRHPLTFGPTPIQPLKRLSAHLGGQVELYAKREDCNSGLAFGGNKTRKLEYLIPEALAQGCDTLVSIGGIQSNQTRQVAAVAAHLGMKCVLVQENWVNYSDAVYDRVGNIEMSRILGADVRLDAAGFDIGIRPSWEQAMADVRAAGGKPFPIPAGCSEHRLGGLGFVGFAEEVRAQEAELGFKFDYIVVCSVTGSTQAGMVVGFAADGRAERVIGIDASAKPEQTHAQILRIAQNTAELVGLGREITAQDVVLDTRYGGPEYGLPSEGTLEAIRLCARQEGMLTDPVYEGKSMHGMIDKVKRGEFPAGSRVLYAHLGGVPALNAYSFLFRNG",
      "xref": [
        {
          "id": "sp|A2SLW2|1A1D_METPP",
          "name": "sp|A2SLW2|1A1D_METPP 1-aminocyclopropane-1-carboxylate deaminase OS=Methylibium petroleiphilum (strain ATCC BAA-1232 / LMG 22953 / PM1) OX=420662 GN=acdS PE=3 SV=1"
        }
      ]
    },
    {
      "matches": [],
      "md5": "8394be2ab076e2920aff07d0c2fb0e06",
      "sequence": "MSPRPLRALLGAAAAALVSAAALAFPSQAAANDSPFYVNPNMSSAEWVRNNPNDPRTPVIRDRIASVPQGTWFAHHNPGQITGQVDALMSAAQAAGKIPILVVYNAPGRDCGNHSSGGAPSHSAYRSWIDEFAAGLKNRPAYIIVEPDLISLMSSCMQHVQQEVLETMAYAGKALKAGSSQARIYFDAGHSAWHSPAQMASWLQQADISNSAHGIATNTSNYRWTADEVAYAKAVLSAIGNPSLRAVIDTSRNGNGPAGNEWCDPSGRAIGTPSTTNTGDPMIDAFLWIKLPGEADGCIAGAGQFVPQAAYEMAIAAGGTNPNPNPNPTPTPTPTPTPPPGSSGACTATYTIANEWNDGFQATVTVTANQNITGWTVTWTFTDGQTITNAWNADVSTSGSSVTARNVGHNGTLSQGASTEFGFVGSKGNSNSVPTLTCAAS",
      "xref": [
        {
          "id": "P26222",
          "name": "P26222"
        }
      ]
    },
    {
      "matches": [],
      "md5": "88d47cc807fe8e977130b0cc93e0bd61",
      "sequence": "MSKIGKSIRLERIIDRKTRKTVIVPMDHGLTVGPIPGLIDLAAAVDKVAEGGANAVLGHMGLPLYGHRGYGKDVGLIIHLSASTSLGPDANHKVLVTRVEDAIRVGADGVSIHVNVGAEDEAEMLRDLGMVARRCDLWGMPLLAMMYPRGAKVRSEHSVEYVKHAARVGAELGVDIVKTNYTGSPETFREVVRGCPAPVVIAGGPKMDTEADLLQMVYDAMQAGAAGISIGRNIFQAENPTLLTRKLSKIVHEGYTPEEAARLKL",
      "xref": [
        {
          "id": "A0B6J9",
          "name": "A0B6J9"
        }
      ]
    },
    {
      "matches": [
        {
          "evalue": 2.1e-53,
          "locations": [
            {
              "end": 167,
              "envelopeEnd": 167,
              "envelopeStart": 69,
              "evalue": 3.7e-53,
              "hmmBounds": "COMPLETE",
              "hmmEnd": 99,
              "hmmLength": 99,
              "hmmStart": 1,
              "location-fragments": [
                {
                  "dc-status": "CONTINUOUS",
                  "end": 167,
                  "start": 69
                }
              ],
              "postProcessed": true,
              "representative": false,
              "score": 179.7,
              "start": 69
            }
          ],
          "model-ac": "3.40.50.1100-FF-000048",
          "score": 180.5,
          "signature": {
            "accession": "G3DSA:3.40.50.1100:FF:000048",
            "description": "1-aminocyclopropane-1-carboxylate deaminase",
            "entry": null,
            "name": null,
            "signatureLibraryRelease": {
              "library": "FUNFAM",
              "version": "4.3.0"
            }
          }
        }
      ],
      "md5": "b66e5ed56c0ea43a14a02b37b513ea8d",
      "sequence": "MNLNRFERYPLTFGPSPITPLKRLSQHLGGKVELYAKREDCNSGLAFGGNKTRKLEYLIPEAIEQGCDTLVSIGGIQSNQTRQVAAVAAHLGMKCVLVQENWVNYSDAVYDRVGNIEMSRIMGADVRLDAAGFDIGIRPSWEKAMSDVVEQGGKPFPIPAGCSEHPYGGLGFVGFAEEVRQQEKELGFKFDYIVVCSVTGSTQAGMVVGFAADGRSKNVIGIDASAKPEQTKAQILRIARHTAELVELGREITEEDVVLDTRFAYPEYGLPNEGTLEAIRLCGSLEGVLTDPVYEGKSMHGMIEMVRRGEFPEGSMIDLVRKGFFPAGAKVLYAHLGGAPALNGYAYAFRNG",
      "xref": [
        {
          "id": "OUTROSEMLOOKUP",
          "name": "OUTROSEMLOOKUP"
        }
      ]
    },
    {
      "matches": [],
      "md5": "c3e71fe6439f734a5b28ef1fdd640db9",
      "sequence": "MTTLFNKIKEVTELKAAAGFETPVRDYLRKTITPLVDEVQTDGLGGIFGIKHSQTENAPKVLVAAHMDEVGFMIKEIKADGTFRVVELGGWNPLVVSSQRFTLHTRDGRIYPVISGSVPPHFLRGSSGTSSLPGVSDIVFDAGFANQEEANTYGVFPGDVIIPESETILTANQKNVISKAWDNRYGVLMIRELLENVKDQELNNTLITGANVQEEVGLRGAHVSTTKFDPEVFFAVDCSPAGDIYGNQGKVGDGTLIRFFDPGHIMLPNMKDFLLTTAEEAGIKYQYYCAAGGTDAGAAHLQNSGVPSTTIGVCARYIHSHQTLYAMDDFLEAQAFLQAIVKKLDRSTVDLIKNY",
      "xref": [
        {
          "id": "WP_134973503.1",
          "name": "WP_134973503.1 glutamyl aminopeptidase [Streptococcus thermophilus]"
        }
      ]
    },
    {
      "matches": [
        {
          "evalue": 6.3e-86,
          "locations": [
            {
              "end": 263,
              "envelopeEnd": 263,
              "envelopeStart": 47,
              "evalue": 2.1e-85,
              "hmmBounds": "COMPLETE",
              "hmmEnd": 216,
              "hmmLength": 217,
              "hmmStart": 2,
              "location-fragments": [
                {
                  "dc-status": "CONTINUOUS",
                  "end": 263,
                  "start": 47
                }
              ],
              "postProcessed": false,
              "representative": false,
              "score": 287.5,
              "start": 47
            }
          ],
          "model-ac": "3.40.50.1170-FF-000001",
          "score": 289.2,
          "signature": {
            "accession": "G3DSA:3.40.50.1170:FF:000001",
            "description": "L-asparaginase 2",
            "entry": null,
            "name": null,
            "signatureLibraryRelease": {
              "library": "FUNFAM",
              "version": "4.3.0"
            }
          }
        }
      ],
      "md5": "f91cb3cf61f2d7c7f5aaf6ea04e07868",
      "sequence": "MKKNFYLYVALFVAAIVAISAIASSFSAKANNENVTVNNENNNEQKEELPNVVILATGGTIAGTGSSSTQTTGYKSGDLGIETLIEAVPEMKELANITGEQIVKVDSTDITNEILLKLGKRVNELLASDDVDGIVITHGTDTLEETAYFLNLVVKSDKPVVLTAAMRPATAMSADGPFNLYNAVLLASHESSKGKGVLVTLNDRIASARNITKTNTTATDAFKSFENGYLGAIVAGKPYYYNNVERLHTTETPFDISKIKKLPQVDIIYGYQNSPTYMYKAAVQNGAKGIIVAAPGDGTLSAKSVEGVKYAMNKGVKVVLSSRVGTGTVSPKEGYITSDSLNPQKARILLMLALTVTNDPQEIQSFFDKY",
      "xref": [
        {
          "id": "UPI0002E0D40B",
          "name": "UPI0002E0D40B status=active"
        }
      ]
    }
  ]
}