{
    "Should pass": {
        "content": [
            {
                "0": [
                    "results_aggregated.json:md5,fb58604aca6dba51bf4acbaa19edb238"
                ]
            }
        ],
        "meta": {
            "nf-test": "0.8.4",
            "nextflow": "24.04.2"
        },
        "timestamp": "2024-09-02T20:40:57.449253"
    },
    "Should run successfully": {
        "content": [
            {
                "0": [
                    "aggregated_result10293848933062885801.json:md5,05884bb9067709f64777012527442693"
                ],
                "ch_aggregated_results": [
                    "aggregated_result10293848933062885801.json:md5,05884bb9067709f64777012527442693"
                ]
            }
        ],
        "meta": {
            "nf-test": "0.8.4",
            "nextflow": "23.10.1"
        },
        "timestamp": "2024-09-20T08:56:52.189707"
    }
}